// Jest Snapshot v1, https://goo.gl/fbAQLP

exports[`Create season renders correctly 1`] = `
<Presentational
  buttonDisable={false}
  createFields={[Function]}
  postApplicationSeason={[Function]}
/>
`;
