// Jest Snapshot v1, https://goo.gl/fbAQLP

exports[`Application review index Renders correctly 1`] = `"<h1 class=\\"typo-sidetittel\\">Review Application</h1><div id=\\"user-information\\"><div class=\\"info-panel\\" id=\\"info-panel-Name\\"><p class=\\"typo-element\\">Name</p><div class=\\"panel\\">Teser Testersen</div></div><div class=\\"info-panel\\" id=\\"info-panel-E-Mail\\"><p class=\\"typo-element\\">E-Mail</p><div class=\\"panel\\">test@test.com</div></div><div class=\\"info-panel\\" id=\\"info-panel-Phone\\"><p class=\\"typo-element\\">Phone</p><div class=\\"panel\\">91100999</div></div><div class=\\"info-panel\\" id=\\"info-panel-Masterstatus\\"><p class=\\"typo-element\\">Master status</p><div class=\\"panel\\">Master of masters</div></div></div><div id=\\"room-information\\"><div class=\\"info-panel\\" id=\\"info-panel-Partner\\"><p class=\\"typo-element\\">Partner</p><div class=\\"panel\\">None</div></div><div class=\\"info-panel\\" id=\\"info-panel-Preferredroom\\"><p class=\\"typo-element\\">Preferred room</p><div class=\\"panel\\">Space Commander</div></div><div class=\\"info-panel\\" id=\\"info-panel-SeatRollover\\"><p class=\\"typo-element\\">Seat Rollover</p><div class=\\"panel\\">Yes</div></div></div><div class=\\"needs-information\\"><div class=\\"info-panel\\" id=\\"info-panel-Needs\\"><p class=\\"typo-element\\">Needs</p><div class=\\"panel\\"></div></div></div><button class=\\"knapp knapp--hoved\\" id=\\"edit-application\\" type=\\"submit\\">Edit Application</button>"`;
