// Jest Snapshot v1, https://goo.gl/fbAQLP

exports[`InfoPanel renders correctly 1`] = `
<div
  className="info-panel"
  id="info-panel-Thisis a title"
>
  <Element>
    This is a title
  </Element>
  <PanelBase
    border={false}
  >
    This is a text
  </PanelBase>
</div>
`;
